[    0.000000] Initializing cgroup subsys cpuset
[    0.000000] Initializing cgroup subsys cpu
[    0.000000] Initializing cgroup subsys cpuacct
[    0.000000] Linux version 4.4.0-179-generic (buildd@lcy01-amd64-014) (gcc version 5.4.0 20160609 (Ubuntu 5.4.0-6ubuntu1~16.04.12) ) #209-Ubuntu SMP Fri Apr 24 17:48:44 UTC 2020 (Ubuntu 4.4.0-179.209-generic 4.4.219)
[    0.000000] Command line: BOOT_IMAGE=/boot/vmlinuz-4.4.0-179-generic root=LABEL=cloudimg-rootfs ro console=tty1 console=ttyS0
[    0.000000] KERNEL supported cpus:
[    0.000000]   Intel GenuineIntel
[    0.000000]   AMD AuthenticAMD
[    0.000000]   Centaur CentaurHauls
[    0.000000] x86/fpu: xstate_offset[2]:  576, xstate_sizes[2]:  256
[    0.000000] x86/fpu: Supporting XSAVE feature 0x01: 'x87 floating point registers'
[    0.000000] x86/fpu: Supporting XSAVE feature 0x02: 'SSE registers'
[    0.000000] x86/fpu: Supporting XSAVE feature 0x04: 'AVX registers'
[    0.000000] x86/fpu: Enabled xstate features 0x7, context size is 832 bytes, using 'standard' format.
[    0.000000] e820: BIOS-provided physical RAM map:
[    0.000000] BIOS-e820: [mem 0x0000000000000000-0x000000000009fbff] usable
[    0.000000] BIOS-e820: [mem 0x000000000009fc00-0x000000000009ffff] reserved
[    0.000000] BIOS-e820: [mem 0x00000000000f0000-0x00000000000fffff] reserved
[    0.000000] BIOS-e820: [mem 0x0000000000100000-0x000000003ffeffff] usable
[    0.000000] BIOS-e820: [mem 0x000000003fff0000-0x000000003fffffff] ACPI data
[    0.000000] BIOS-e820: [mem 0x00000000fec00000-0x00000000fec00fff] reserved
[    0.000000] BIOS-e820: [mem 0x00000000fee00000-0x00000000fee00fff] reserved
[    0.000000] BIOS-e820: [mem 0x00000000fffc0000-0x00000000ffffffff] reserved
[    0.000000] NX (Execute Disable) protection: active
[    0.000000] SMBIOS 2.5 present.
[    0.000000] Hypervisor detected: KVM
[    0.000000] e820: last_pfn = 0x3fff0 max_arch_pfn = 0x400000000
[    0.000000] MTRR: Disabled
[    0.000000] x86/PAT: MTRRs disabled, skipping PAT initialization too.
[    0.000000] CPU MTRRs all blank - virtualized system.
[    0.000000] x86/PAT: Configuration [0-7]: WB  WT  UC- UC  WB  WT  UC- UC  
[    0.000000] found SMP MP-table at [mem 0x0009fff0-0x0009ffff] mapped at [ffff88000009fff0]
[    0.000000] Scanning 1 areas for low memory corruption
[    0.000000] RAMDISK: [mem 0x362e2000-0x37168fff]
[    0.000000] ACPI: Early table checksum verification disabled
[    0.000000] ACPI: RSDP 0x00000000000E0000 000024 (v02 VBOX  )
[    0.000000] ACPI: XSDT 0x000000003FFF0030 00003C (v01 VBOX   VBOXXSDT 00000001 ASL  00000061)
[    0.000000] ACPI: FACP 0x000000003FFF00F0 0000F4 (v04 VBOX   VBOXFACP 00000001 ASL  00000061)
[    0.000000] ACPI: DSDT 0x000000003FFF0470 002325 (v02 VBOX   VBOXBIOS 00000002 INTL 20100528)
[    0.000000] ACPI: FACS 0x000000003FFF0200 000040
[    0.000000] ACPI: FACS 0x000000003FFF0200 000040
[    0.000000] ACPI: APIC 0x000000003FFF0240 00005C (v02 VBOX   VBOXAPIC 00000001 ASL  00000061)
[    0.000000] ACPI: SSDT 0x000000003FFF02A0 0001CC (v01 VBOX   VBOXCPUT 00000002 INTL 20100528)
[    0.000000] No NUMA configuration found
[    0.000000] Faking a node at [mem 0x0000000000000000-0x000000003ffeffff]
[    0.000000] NODE_DATA(0) allocated [mem 0x3ffeb000-0x3ffeffff]
[    0.000000] kvm-clock: Using msrs 4b564d01 and 4b564d00
[    0.000000] kvm-clock: cpu 0, msr 0:3ffe3001, primary cpu clock
[    0.000000] kvm-clock: using sched offset of 3677013268 cycles
[    0.000000] clocksource: kvm-clock: mask: 0xffffffffffffffff max_cycles: 0x1cd42e4dffb, max_idle_ns: 881590591483 ns
[    0.000000] Zone ranges:
[    0.000000]   DMA      [mem 0x0000000000001000-0x0000000000ffffff]
[    0.000000]   DMA32    [mem 0x0000000001000000-0x000000003ffeffff]
[    0.000000]   Normal   empty
[    0.000000]   Device   empty
[    0.000000] Movable zone start for each node
[    0.000000] Early memory node ranges
[    0.000000]   node   0: [mem 0x0000000000001000-0x000000000009efff]
[    0.000000]   node   0: [mem 0x0000000000100000-0x000000003ffeffff]
[    0.000000] Initmem setup node 0 [mem 0x0000000000001000-0x000000003ffeffff]
[    0.000000] ACPI: PM-Timer IO Port: 0x4008
[    0.000000] IOAPIC[0]: apic_id 2, version 32, address 0xfec00000, GSI 0-23
[    0.000000] ACPI: INT_SRC_OVR (bus 0 bus_irq 0 global_irq 2 dfl dfl)
[    0.000000] ACPI: INT_SRC_OVR (bus 0 bus_irq 9 global_irq 9 low level)
[    0.000000] Using ACPI (MADT) for SMP configuration information
[    0.000000] smpboot: Allowing 2 CPUs, 0 hotplug CPUs
[    0.000000] PM: Registered nosave memory: [mem 0x00000000-0x00000fff]
[    0.000000] PM: Registered nosave memory: [mem 0x0009f000-0x0009ffff]
[    0.000000] PM: Registered nosave memory: [mem 0x000a0000-0x000effff]
[    0.000000] PM: Registered nosave memory: [mem 0x000f0000-0x000fffff]
[    0.000000] e820: [mem 0x40000000-0xfebfffff] available for PCI devices
[    0.000000] Booting paravirtualized kernel on KVM
[    0.000000] clocksource: refined-jiffies: mask: 0xffffffff max_cycles: 0xffffffff, max_idle_ns: 7645519600211568 ns
[    0.000000] setup_percpu: NR_CPUS:512 nr_cpumask_bits:512 nr_cpu_ids:2 nr_node_ids:1
[    0.000000] PERCPU: Embedded 33 pages/cpu @ffff88003fc00000 s95448 r8192 d31528 u1048576
[    0.000000] Built 1 zonelists in Node order, mobility grouping on.  Total pages: 257912
[    0.000000] Policy zone: DMA32
[    0.000000] Kernel command line: BOOT_IMAGE=/boot/vmlinuz-4.4.0-179-generic root=LABEL=cloudimg-rootfs ro console=tty1 console=ttyS0
[    0.000000] PID hash table entries: 4096 (order: 3, 32768 bytes)
[    0.000000] Memory: 997676K/1048120K available (8630K kernel code, 1336K rwdata, 4036K rodata, 1488K init, 1292K bss, 50444K reserved, 0K cma-reserved)
[    0.000000] SLUB: HWalign=64, Order=0-3, MinObjects=0, CPUs=2, Nodes=1
[    0.000000] Kernel/User page tables isolation: enabled
[    0.000000] Hierarchical RCU implementation.
[    0.000000] 	Build-time adjustment of leaf fanout to 64.
[    0.000000] 	RCU restricting CPUs from NR_CPUS=512 to nr_cpu_ids=2.
[    0.000000] RCU: Adjusting geometry for rcu_fanout_leaf=64, nr_cpu_ids=2
[    0.000000] NR_IRQS:33024 nr_irqs:440 16
[    0.000000] Console: colour VGA+ 80x25
[    0.000000] console [tty1] enabled
[    0.000000] console [ttyS0] enabled
[    0.000000] tsc: Detected 2999.992 MHz processor
[    0.137191] Calibrating delay loop (skipped) preset value.. 5999.98 BogoMIPS (lpj=11999968)
[    0.139018] pid_max: default: 32768 minimum: 301
[    0.139917] ACPI: Core revision 20150930
[    0.141628] ACPI: 2 ACPI AML tables successfully acquired and loaded
[    0.142955] Security Framework initialized
[    0.143826] Yama: becoming mindful.
[    0.144668] AppArmor: AppArmor initialized
[    0.145566] Dentry cache hash table entries: 131072 (order: 8, 1048576 bytes)
[    0.151613] Inode-cache hash table entries: 65536 (order: 7, 524288 bytes)
[    0.153266] Mount-cache hash table entries: 2048 (order: 2, 16384 bytes)
[    0.154565] Mountpoint-cache hash table entries: 2048 (order: 2, 16384 bytes)
[    0.155722] Initializing cgroup subsys io
[    0.156445] Initializing cgroup subsys memory
[    0.157132] Initializing cgroup subsys devices
[    0.157890] Initializing cgroup subsys freezer
[    0.158587] Initializing cgroup subsys net_cls
[    0.159449] Initializing cgroup subsys perf_event
[    0.160269] Initializing cgroup subsys net_prio
[    0.161128] Initializing cgroup subsys hugetlb
[    0.161835] Initializing cgroup subsys pids
[    0.163618] mce: CPU supports 0 MCE banks
[    0.164319] Last level iTLB entries: 4KB 128, 2MB 8, 4MB 8
[    0.165187] Last level dTLB entries: 4KB 64, 2MB 0, 4MB 0, 1GB 4
[    0.166122] Spectre V1 : Mitigation: usercopy/swapgs barriers and __user pointer sanitization
[    0.167509] Spectre V2 : Mitigation: Full generic retpoline
[    0.169864] Spectre V2 : Spectre v2 / SpectreRSB mitigation: Filling RSB on context switch
[    0.171228] Speculative Store Bypass: Vulnerable
[    0.172180] MDS: Vulnerable: Clear CPU buffers attempted, no microcode
[    0.175940] Freeing SMP alternatives memory: 36K
[    0.183272] ftrace: allocating 32313 entries in 127 pages
[    0.245010] smpboot: APIC(0) Converting physical 0 to logical package 0
[    0.246528] smpboot: Max logical packages: 1
[    0.250806] x2apic enabled
[    0.251876] Switched APIC routing to physical x2apic.
[    0.254166] ..TIMER: vector=0x30 apic1=0 pin1=2 apic2=-1 pin2=-1
[    0.364031] smpboot: CPU0: Intel(R) Core(TM) i5-7400 CPU @ 3.00GHz (family: 0x6, model: 0x9e, stepping: 0x9)
[    0.366179] Performance Events: unsupported p6 CPU model 158 no PMU driver, software events only.
[    0.377554] KVM setup paravirtual spinlock
[    0.379049] x86: Booting SMP configuration:
[    0.380098] .... node  #0, CPUs:      #1
[    0.381091] kvm-clock: cpu 1, msr 0:3ffe3041, secondary cpu clock
[    0.383340] mce: CPU supports 0 MCE banks
[    0.385869] x86: Booted up 1 node, 2 CPUs
[    0.386924] smpboot: Total of 2 processors activated (11999.96 BogoMIPS)
[    0.388592] devtmpfs: initialized
[    0.392083] evm: security.selinux
[    0.392874] evm: security.SMACK64
[    0.393743] evm: security.SMACK64EXEC
[    0.394630] evm: security.SMACK64TRANSMUTE
[    0.395681] evm: security.SMACK64MMAP
[    0.396538] evm: security.ima
[    0.397212] evm: security.capability
[    0.398236] clocksource: jiffies: mask: 0xffffffff max_cycles: 0xffffffff, max_idle_ns: 7645041785100000 ns
[    0.400178] futex hash table entries: 512 (order: 3, 32768 bytes)
[    0.401712] pinctrl core: initialized pinctrl subsystem
[    0.402848] RTC time: 19:38:10, date: 06/05/20
[    0.403928] NET: Registered protocol family 16
[    0.416376] cpuidle: using governor ladder
[    0.429114] cpuidle: using governor menu
[    0.430119] PCCT header not found.
[    0.430993] ACPI: bus type PCI registered
[    0.431805] acpiphp: ACPI Hot Plug PCI Controller Driver version: 0.5
[    0.433306] PCI: Using configuration type 1 for base access
[    0.446006] ACPI: Added _OSI(Module Device)
[    0.446951] ACPI: Added _OSI(Processor Device)
[    0.447860] ACPI: Added _OSI(3.0 _SCP Extensions)
[    0.448798] ACPI: Added _OSI(Processor Aggregator Device)
[    0.450647] ACPI: Executed 1 blocks of module-level executable AML code
[    0.453756] ACPI: Interpreter enabled
[    0.454724] ACPI: (supports S0 S5)
[    0.455502] ACPI: Using IOAPIC for interrupt routing
[    0.456688] PCI: Using host bridge windows from ACPI; if necessary, use "pci=nocrs" and report a bug
[    0.462031] ACPI: PCI Root Bridge [PCI0] (domain 0000 [bus 00-ff])
[    0.463311] acpi PNP0A03:00: _OSC: OS supports [ASPM ClockPM Segments MSI]
[    0.464944] acpi PNP0A03:00: _OSC: not requesting OS control; OS requires [ExtendedConfig ASPM ClockPM MSI]
[    0.466932] acpi PNP0A03:00: fail to add MMCONFIG information, can't access extended PCI configuration space under this bridge.
[    0.469348] PCI host bridge to bus 0000:00
[    0.470218] pci_bus 0000:00: root bus resource [io  0x0000-0x0cf7 window]
[    0.471500] pci_bus 0000:00: root bus resource [io  0x0d00-0xffff window]
[    0.472621] pci_bus 0000:00: root bus resource [mem 0x000a0000-0x000bffff window]
[    0.474090] pci_bus 0000:00: root bus resource [mem 0x40000000-0xfdffffff window]
[    0.476015] pci_bus 0000:00: root bus resource [bus 00-ff]
[    0.478969] pci 0000:00:01.1: legacy IDE quirk: reg 0x10: [io  0x01f0-0x01f7]
[    0.480141] pci 0000:00:01.1: legacy IDE quirk: reg 0x14: [io  0x03f6]
[    0.481266] pci 0000:00:01.1: legacy IDE quirk: reg 0x18: [io  0x0170-0x0177]
[    0.482470] pci 0000:00:01.1: legacy IDE quirk: reg 0x1c: [io  0x0376]
[    0.506100] pci 0000:00:07.0: quirk: [io  0x4000-0x403f] claimed by PIIX4 ACPI
[    0.507625] pci 0000:00:07.0: quirk: [io  0x4100-0x410f] claimed by PIIX4 SMB
[    0.512997] ACPI: PCI Interrupt Link [LNKA] (IRQs 5 9 10 *11)
[    0.514699] ACPI: PCI Interrupt Link [LNKB] (IRQs 5 9 *10 11)
[    0.516456] ACPI: PCI Interrupt Link [LNKC] (IRQs 5 *9 10 11)
[    0.518087] ACPI: PCI Interrupt Link [LNKD] (IRQs 5 9 10 *11)
[    0.521870] ACPI: Enabled 2 GPEs in block 00 to 07
[    0.524701] vgaarb: setting as boot device: PCI:0000:00:02.0
[    0.525865] vgaarb: device added: PCI:0000:00:02.0,decodes=io+mem,owns=io+mem,locks=none
[    0.527508] vgaarb: loaded
[    0.528172] vgaarb: bridge control possible 0000:00:02.0
[    0.529242] SCSI subsystem initialized
[    0.530146] ACPI: bus type USB registered
[    0.530991] usbcore: registered new interface driver usbfs
[    0.532108] usbcore: registered new interface driver hub
[    0.533384] usbcore: registered new device driver usb
[    0.534801] PCI: Using ACPI for IRQ routing
[    0.537737] NetLabel: Initializing
[    0.538500] NetLabel:  domain hash size = 128
[    0.539474] NetLabel:  protocols = UNLABELED CIPSOv4
[    0.540548] NetLabel:  unlabeled traffic allowed by default
[    0.541759] amd_nb: Cannot enumerate AMD northbridges
[    0.542801] clocksource: Switched to clocksource kvm-clock
[    0.551570] AppArmor: AppArmor Filesystem Enabled
[    0.553016] pnp: PnP ACPI init
[    0.554448] pnp: PnP ACPI: found 3 devices
[    0.566959] clocksource: acpi_pm: mask: 0xffffff max_cycles: 0xffffff, max_idle_ns: 2085701024 ns
[    0.569187] NET: Registered protocol family 2
[    0.570648] TCP established hash table entries: 8192 (order: 4, 65536 bytes)
[    0.571993] TCP bind hash table entries: 8192 (order: 5, 131072 bytes)
[    0.573582] TCP: Hash tables configured (established 8192 bind 8192)
[    0.574668] UDP hash table entries: 512 (order: 2, 16384 bytes)
[    0.575610] UDP-Lite hash table entries: 512 (order: 2, 16384 bytes)
[    0.576735] NET: Registered protocol family 1
[    0.577531] pci 0000:00:00.0: Limiting direct PCI/PCI transfers
[    0.578452] pci 0000:00:01.0: Activating ISA DMA hang workarounds
[    0.579566] Unpacking initramfs...
[    0.816525] Freeing initrd memory: 14876K
[    0.817539] clocksource: tsc: mask: 0xffffffffffffffff max_cycles: 0x2b3e3dd91bf, max_idle_ns: 440795234040 ns
[    0.819680] platform rtc_cmos: registered platform RTC device (no PNP device found)
[    0.821607] Scanning for low memory corruption every 60 seconds
[    0.823667] audit: initializing netlink subsys (disabled)
[    0.824495] audit: type=2000 audit(1591385895.318:1): initialized
[    0.825603] Initialise system trusted keyring
[    0.826636] HugeTLB registered 2 MB page size, pre-allocated 0 pages
[    0.828928] zbud: loaded
[    0.830056] VFS: Disk quotas dquot_6.6.0
[    0.830961] VFS: Dquot-cache hash table entries: 512 (order 0, 4096 bytes)
[    0.832458] squashfs: version 4.0 (2009/01/31) Phillip Lougher
[    0.833868] fuse init (API version 7.23)
[    0.834682] Key type big_key registered
[    0.835528] Allocating IMA MOK and blacklist keyrings.
[    0.839167] Key type asymmetric registered
[    0.839995] Asymmetric key parser 'x509' registered
[    0.840972] Block layer SCSI generic (bsg) driver version 0.4 loaded (major 249)
[    0.842819] io scheduler noop registered
[    0.843658] io scheduler deadline registered (default)
[    0.844689] io scheduler cfq registered
[    0.845548] pci_hotplug: PCI Hot Plug PCI Core version: 0.5
[    0.846754] pciehp: PCI Express Hot Plug Controller Driver version: 0.4
[    0.850519] ACPI: AC Adapter [AC] (on-line)
[    0.851591] input: Power Button as /devices/LNXSYSTM:00/LNXPWRBN:00/input/input0
[    0.854379] ACPI: Power Button [PWRF]
[    0.855331] input: Sleep Button as /devices/LNXSYSTM:00/LNXSLPBN:00/input/input1
[    0.856910] ACPI: Sleep Button [SLPF]
[    0.857802] GHES: HEST is not enabled!
[    0.858562] Serial: 8250/16550 driver, 32 ports, IRQ sharing enabled
[    0.880539] 00:02: ttyS0 at I/O 0x3f8 (irq = 4, base_baud = 115200) is a 16550A
[    0.883481] Linux agpgart interface v0.103
[    0.886221] loop: module loaded
[    0.887498] scsi host0: ata_piix
[    0.888430] scsi host1: ata_piix
[    0.889235] ata1: PATA max UDMA/33 cmd 0x1f0 ctl 0x3f6 bmdma 0xd000 irq 14
[    0.890345] ata2: PATA max UDMA/33 cmd 0x170 ctl 0x376 bmdma 0xd008 irq 15
[    0.892093] libphy: Fixed MDIO Bus: probed
[    0.892991] tun: Universal TUN/TAP device driver, 1.6
[    0.893832] tun: (C) 1999-2004 Max Krasnyansky <maxk@qualcomm.com>
[    0.894902] PPP generic driver version 2.4.2
[    0.895721] ehci_hcd: USB 2.0 'Enhanced' Host Controller (EHCI) Driver
[    0.896803] ehci-pci: EHCI PCI platform driver
[    0.897692] ehci-platform: EHCI generic platform driver
[    0.898766] ohci_hcd: USB 1.1 'Open' Host Controller (OHCI) Driver
[    0.899947] ohci-pci: OHCI PCI platform driver
[    0.900743] ohci-platform: OHCI generic platform driver
[    0.901737] uhci_hcd: USB Universal Host Controller Interface driver
[    0.903063] i8042: PNP: PS/2 Controller [PNP0303:PS2K,PNP0f03:PS2M] at 0x60,0x64 irq 1,12
[    0.905343] serio: i8042 KBD port at 0x60,0x64 irq 1
[    0.906452] serio: i8042 AUX port at 0x60,0x64 irq 12
[    0.907583] mousedev: PS/2 mouse device common for all mice
[    0.909126] rtc_cmos rtc_cmos: rtc core: registered rtc_cmos as rtc0
[    0.910718] rtc_cmos rtc_cmos: alarms up to one day, 114 bytes nvram
[    0.911933] i2c /dev entries driver
[    0.912642] input: AT Translated Set 2 keyboard as /devices/platform/i8042/serio0/input/input2
[    0.914447] device-mapper: uevent: version 1.0.3
[    0.915424] device-mapper: ioctl: 4.34.0-ioctl (2015-10-28) initialised: dm-devel@redhat.com
[    0.917060] ledtrig-cpu: registered to indicate activity on CPUs
[    0.918525] NET: Registered protocol family 10
[    0.919696] NET: Registered protocol family 17
[    0.920800] Key type dns_resolver registered
[    0.921980] registered taskstats version 1
[    0.922811] Loading compiled-in X.509 certificates
[    0.924219] Loaded X.509 cert 'Build time autogenerated kernel key: a9e5689415cbbea5b40a198600f217117afda70c'
[    0.926273] zswap: loaded using pool lzo/zbud
[    0.929128] Key type trusted registered
[    0.933203] Key type encrypted registered
[    0.934061] AppArmor: AppArmor sha1 policy hashing enabled
[    0.935088] ima: No TPM chip found, activating TPM-bypass!
[    0.936061] ima: Allocated hash algorithm: sha1
[    0.937249] evm: HMAC attrs: 0x1
[    0.938275]   Magic number: 8:970:646
[    0.939021] scsi_host host0: hash matches
[    0.939740] scsi host0: hash matches
[    0.940513] rtc_cmos rtc_cmos: setting system clock to 2020-06-05 19:38:10 UTC (1591385890)
[    0.942386] BIOS EDD facility v0.16 2004-Jun-25, 0 devices found
[    0.943421] EDD information not available.
[    1.072457] Freeing unused kernel memory: 1488K
[    1.073532] Write protecting the kernel read-only data: 14336k
[    1.075469] Freeing unused kernel memory: 1600K
[    1.076740] Freeing unused kernel memory: 60K
Loading, please wait...
starting version 229
[    1.089248] random: systemd-udevd: uninitialized urandom read (16 bytes read, 3 bits of entropy available)
[    1.089902] random: udevadm: uninitialized urandom read (16 bytes read, 3 bits of entropy available)
[    1.089928] random: udevadm: uninitialized urandom read (16 bytes read, 3 bits of entropy available)
[    1.095756] random: systemd-udevd: uninitialized urandom read (16 bytes read, 3 bits of entropy available)
[    1.097007] random: udevadm: uninitialized urandom read (16 bytes read, 3 bits of entropy available)
[    1.097041] random: udevadm: uninitialized urandom read (16 bytes read, 3 bits of entropy available)
[    1.097141] random: udevadm: uninitialized urandom read (16 bytes read, 3 bits of entropy available)
[    1.097179] random: udevadm: uninitialized urandom read (16 bytes read, 3 bits of entropy available)
[    1.097216] random: udevadm: uninitialized urandom read (16 bytes read, 3 bits of entropy available)
[    1.097252] random: udevadm: uninitialized urandom read (16 bytes read, 3 bits of entropy available)
[    1.132304] Fusion MPT base driver 3.04.20
[    1.133217] Copyright (c) 1999-2008 LSI Corporation
[    1.134314] e1000: Intel(R) PRO/1000 Network Driver - version 7.3.21-k8-NAPI
[    1.136154] e1000: Copyright (c) 1999-2006 Intel Corporation.
[    1.144641] Fusion MPT SPI Host driver 3.04.20
[    1.153499] AVX2 version of gcm_enc/dec engaged.
[    1.154387] AES CTR mode by8 optimization enabled
[    1.369158] input: ImExPS/2 Generic Explorer Mouse as /devices/platform/i8042/serio1/input/input4
[    1.839010] e1000 0000:00:03.0 eth0: (PCI:33MHz:32-bit) 02:7c:66:aa:a6:59
[    1.840327] e1000 0000:00:03.0 eth0: Intel(R) PRO/1000 Network Connection
[    1.842183] mptbase: ioc0: Initiating bringup
[    1.842241] e1000 0000:00:03.0 enp0s3: renamed from eth0
[    1.907918] ioc0: LSI53C1030 A0: Capabilities={Initiator}
[    2.069603] scsi host2: ioc0: LSI53C1030 A0, FwRev=00000000h, Ports=1, MaxQ=256, IRQ=20
[    2.183756] scsi 2:0:0:0: Direct-Access     VBOX     HARDDISK         1.0  PQ: 0 ANSI: 5
[    2.185309] scsi target2:0:0: Beginning Domain Validation
[    2.187582] scsi target2:0:0: Domain Validation skipping write tests
[    2.188679] scsi target2:0:0: Ending Domain Validation
[    2.189607] scsi target2:0:0: asynchronous
[    2.191058] scsi 2:0:1:0: Direct-Access     VBOX     HARDDISK         1.0  PQ: 0 ANSI: 5
[    2.192577] scsi target2:0:1: Beginning Domain Validation
[    2.195018] scsi target2:0:1: Domain Validation skipping write tests
[    2.196480] scsi target2:0:1: Ending Domain Validation
[    2.206795] scsi target2:0:1: asynchronous
[    2.216369] sd 2:0:0:0: Attached scsi generic sg0 type 0
[    2.217239] sd 2:0:0:0: [sda] 20971520 512-byte logical blocks: (10.7 GB/10.0 GiB)
[    2.219194] sd 2:0:0:0: [sda] Write Protect is off
[    2.219424] sd 2:0:1:0: [sdb] 20480 512-byte logical blocks: (10.5 MB/10.0 MiB)
[    2.219443] sd 2:0:1:0: Attached scsi generic sg1 type 0
[    2.219593] sd 2:0:1:0: [sdb] Write Protect is off
[    2.219654] sd 2:0:1:0: [sdb] Incomplete mode parameter data
[    2.219655] sd 2:0:1:0: [sdb] Assuming drive cache: write through
[    2.226194] sd 2:0:0:0: [sda] Incomplete mode parameter data
[    2.227722] sd 2:0:0:0: [sda] Assuming drive cache: write through
[    2.244918]  sda: sda1
[    2.246484] sd 2:0:1:0: [sdb] Attached SCSI disk
[    2.247696] sd 2:0:0:0: [sda] Attached SCSI disk
Begin: Loading essential drivers ... [    4.130581] md: linear personality registered for level -1
[    4.133840] md: multipath personality registered for level -4
[    4.136923] md: raid0 personality registered for level 0
[    4.140823] md: raid1 personality registered for level 1
[    4.210916] raid6: sse2x1   gen() 11240 MB/s
[    4.279138] raid6: sse2x1   xor()  8233 MB/s
[    4.346835] raid6: sse2x2   gen() 13592 MB/s
[    4.414937] raid6: sse2x2   xor()  9703 MB/s
[    4.483189] raid6: sse2x4   gen() 14433 MB/s
[    4.550878] raid6: sse2x4   xor()  9981 MB/s
[    4.619159] raid6: avx2x1   gen() 20282 MB/s
[    4.687162] raid6: avx2x2   gen() 25052 MB/s
[    4.754894] raid6: avx2x4   gen() 27190 MB/s
[    4.755821] raid6: using algorithm avx2x4 gen() 27190 MB/s
[    4.756936] raid6: using avx2x2 recovery algorithm
[    4.759069] xor: automatically using best checksumming function:
[    4.799026]    avx       : 21843.000 MB/sec
[    4.801854] async_tx: api initialized (async)
[    4.812974] md: raid6 personality registered for level 6
[    4.814388] md: raid5 personality registered for level 5
[    4.815661] md: raid4 personality registered for level 4
[    4.824041] md: raid10 personality registered for level 10
done.
Begin: Running /scripts/init-premount ... done.
Begin: Mounting root file system ... Begin: Running /scripts/local-top ... done.
Begin: Running /scripts/local-premount ... [    4.855198] Btrfs loaded
Scanning for Btrfs filesystems
done.
Warning: fsck not present, so skipping root file system
[    4.898404] EXT4-fs (sda1): mounted filesystem with ordered data mode. Opts: (null)
done.
Begin: Running /scripts/local-bottom ... done.
Begin: Running /scripts/init-bottom ... done.
[    5.565123] systemd[1]: systemd 229 running in system mode. (+PAM +AUDIT +SELINUX +IMA +APPARMOR +SMACK +SYSVINIT +UTMP +LIBCRYPTSETUP +GCRYPT +GNUTLS +ACL +XZ -LZ4 +SECCOMP +BLKID +ELFUTILS +KMOD -IDN)
[    5.568648] systemd[1]: Detected virtualization oracle.
[    5.569780] systemd[1]: Detected architecture x86-64.

Welcome to [1mUbuntu 16.04.6 LTS[0m!

[    5.623665] systemd[1]: Set hostname to <ubuntu>.
[    5.642868] systemd[1]: Initializing machine ID from random generator.
[    5.644145] systemd[1]: Installed transient /etc/machine-id file.
[    5.849581] random: nonblocking pool is initialized
[    6.474363] systemd[1]: Listening on Device-mapper event daemon FIFOs.
[[0;32m  OK  [0m] Listening on Device-mapper event daemon FIFOs.
[    6.476187] systemd[1]: Started Trigger resolvconf update for networkd DNS.
[[0;32m  OK  [0m] Started Trigger resolvconf update for networkd DNS.
[    6.477967] systemd[1]: Started Forward Password Requests to Wall Directory Watch.
[[0;32m  OK  [0m] Started Forward Password Requests to Wall Directory Watch.
[    6.480049] systemd[1]: Reached target Encrypted Volumes.
[[0;32m  OK  [0m] Reached target Encrypted Volumes.
[    6.481762] systemd[1]: Created slice System Slice.
[[0;32m  OK  [0m] Created slice System Slice.
[    6.483240] systemd[1]: Set up automount Arbitrary Executable File Formats File System Automount Point.
[[0;32m  OK  [0m] Set up automount Arbitrary Executab...ats File System Automount Point.
[    6.485708] systemd[1]: Listening on Journal Audit Socket.
[[0;32m  OK  [0m] Listening on Journal Audit Socket.
[    6.487212] systemd[1]: Listening on udev Control Socket.
[[0;32m  OK  [0m] Listening on udev Control Socket.
[    6.495132] systemd[1]: Listening on udev Kernel Socket.
[[0;32m  OK  [0m] Listening on udev Kernel Socket.
[    6.503715] systemd[1]: Created slice User and Session Slice.
[[0;32m  OK  [0m] Created slice User and Session Slice.
[    6.506363] systemd[1]: Created slice system-serial\x2dgetty.slice.
[[0;32m  OK  [0m] Created slice system-serial\x2dgetty.slice.
[    6.508171] systemd[1]: Listening on LVM2 metadata daemon socket.
[[0;32m  OK  [0m] Listening on LVM2 metadata daemon socket.
[    6.514960] systemd[1]: Reached target Swap.
[[0;32m  OK  [0m] Reached target Swap.
[    6.523279] systemd[1]: Reached target User and Group Name Lookups.
[[0;32m  OK  [0m] Reached target User and Group Name Lookups.
[    6.525053] systemd[1]: Reached target System Time Synchronized.
[[0;32m  OK  [0m] Reached target System Time Synchronized.
[    6.526944] systemd[1]: Listening on Journal Socket.
[[0;32m  OK  [0m] Listening on Journal Socket.
[    6.559170] systemd[1]: Mounting Huge Pages File System...
         Mounting Huge Pages File System...
[    6.567876] systemd[1]: Starting Monitoring of LVM2 mirrors, snapshots etc. using dmeventd or progress polling...
         Starting Monitoring of LVM2 mirrors... dmeventd or progress polling...
[    6.571223] systemd[1]: Starting Remount Root and Kernel File Systems...
         Starting Remount Root and Kernel File Systems...
[    6.575921] systemd[1]: Mounting Debug File System...
         Mounting Debug File System...
[    6.583735] systemd[1]: Mounting POSIX Message Queue File System...
         Mounting POSIX Message Queue File System...
[    6.591422] systemd[1]: Listening on Syslog Socket.
[[0;32m  OK  [0m] Listening on Syslog Socket.
[    6.604319] EXT4-fs (sda1): re-mounted. Opts: (null)
[    6.623802] systemd[1]: Starting Set console keymap...
         Starting Set console keymap...
[    6.625408] systemd[1]: Listening on Journal Socket (/dev/log).
[[0;32m  OK  [0m] Listening on Journal Socket (/dev/log).
[    6.635742] systemd[1]: Starting Journal Service...
         Starting Journal Service...
[    6.637710] systemd[1]: Listening on /dev/initctl Compatibility Named Pipe.
[[0;32m  OK  [0m] Listening on /dev/initctl Compatibility Named Pipe.
[    6.647930] systemd[1]: Starting Create list of required static device nodes for the current kernel...
         Starting Create list of required st... nodes for the current kernel...
[    6.650621] systemd[1]: Listening on LVM2 poll daemon socket.
[[0;32m  OK  [0m] Listening on LVM2 poll daemon socket.
[    6.652493] systemd[1]: Reached target Slices.
[[0;32m  OK  [0m] Reached target Slices.
[    6.679076] systemd[1]: Starting Load Kernel Modules...
         Starting Load Kernel Modules...
[    6.681255] systemd[1]: Starting Uncomplicated firewall...
         Starting Uncomplicated firewall...
[    6.685961] systemd[1]: Starting Nameserver information manager...
         Starting Nameserver information manager...
[    6.689288] systemd[1]: Mounted Huge Pages File System.
[[0;32m  OK  [0m] Mounted Huge Pages File System.
[    6.695447] systemd[1]: Mounted Debug File System.
[[0;32m  OK  [0m] Mounted Debug File System.
[    6.697208] systemd[1]: Mounted POSIX Message Queue File System.
[[0;32m  OK  [0m] Mounted POSIX Message Queue File System.
[    6.707497] systemd[1]: Started Remount Root and Kernel File Systems.
[[0;32m  OK  [0m] Started Remount Root and Kernel File Systems.
[    6.729076] systemd[1]: Starting Load/Save Random Seed...
         Starting Load/Save Random Seed...
[    6.815018] systemd[1]: Starting udev Coldplug all Devices...
         Starting udev Coldplug all Devices...
[    6.820595] systemd[1]: Started Create list of required static device nodes for the current kernel.
[[0;32m  OK  [0m] Started Create list of required sta...ce nodes for the current kernel.
[    6.831529] systemd[1]: Started Uncomplicated firewall.
[[0;32m  OK  [0m] Started Uncomplicated firewall.
[    6.834254] systemd[1]: Started Nameserver information manager.
[[0;32m  OK  [0m] Started Nameserver information manager.
[    6.836739] systemd[1]: Started Load/Save Random Seed.
[[0;32m  OK  [0m] Started Load/Save Random Seed.
[    6.840790] systemd[1]: Started Set console keymap.
[[0;32m  OK  [0m] Started Set console keymap.
[    6.843148] systemd[1]: Starting Create Static Device Nodes in /dev...
         Starting Create Static Device Nodes in /dev...
[    6.921439] Loading iSCSI transport class v2.0-870.
[    6.975279] systemd[1]: Started LVM2 metadata daemon.
[[0;32m  OK  [0m] Started LVM2 metadata daemon.
[    7.071805] iscsi: registered transport (tcp)
[    7.081403] systemd[1]: Started udev Coldplug all Devices.
[[0;32m  OK  [0m] Started udev Coldplug all Devices.
[    7.164133] systemd[1]: Started Journal Service.
[[0;32m  OK  [0m] Started Journal Service.
         Starting Flush Journal to Persistent Storage...
[    7.203359] iscsi: registered transport (iser)
[[0;32m  OK  [0m] Started Load Kernel Modules.
         Mounting FUSE Control File System...
         Starting Apply Kernel Variables...
[[0;32m  OK  [0m] Mounted FUSE Control File System.
[    7.240471] systemd-journald[387]: Received request to flush runtime journal from PID 1
[[0;32m  OK  [0m] Started Flush Journal to Persistent Storage.
[[0;32m  OK  [0m] Started Apply Kernel Variables.
[[0;32m  OK  [0m] Started Create Static Device Nodes in /dev.
         Starting udev Kernel Device Manager...
[[0;32m  OK  [0m] Started Monitoring of LVM2 mirrors,...ng dmeventd or progress polling.
[[0;32m  OK  [0m] Reached target Local File Systems (Pre).
[[0;32m  OK  [0m] Reached target Local File Systems.
         Starting Initial cloud-init job (pre-networking)...
         Starting Commit a transient machine-id on disk...
         Starting Create Volatile Files and Directories...
         Starting Set console font and keymap...
         Starting Tell Plymouth To Write Out Runtime Data...
         Starting LSB: AppArmor initialization...
[[0;32m  OK  [0m] Started Commit a transient machine-id on disk.
[[0;32m  OK  [0m] Started Create Volatile Files and Directories.
         Starting Update UTMP about System Boot/Shutdown...
[[0;32m  OK  [0m] Started Tell Plymouth To Write Out Runtime Data.
[[0;32m  OK  [0m] Started Update UTMP about System Boot/Shutdown.
[[0;32m  OK  [0m] Started udev Kernel Device Manager.
[[0;32m  OK  [0m] Started Dispatch Password Requests to Console Directory Watch.
[[0;32m  OK  [0m] Found device /dev/ttyS0.
[[0;32m  OK  [0m] Listening on Load/Save RF Kill Switch Status /dev/rfkill Watch.
[[0;32m  OK  [0m] Started LSB: AppArmor initialization.
[[0;32m  OK  [0m] Started Set console font and keymap.
[[0;32m  OK  [0m] Created slice system-getty.slice.
[   12.108473] cloud-init[464]: Cloud-init v. 19.4-33-gbb4131a2-0ubuntu1~16.04.1 running 'init-local' at Fri, 05 Jun 2020 19:38:21 +0000. Up 11.62 seconds.
[[0;32m  OK  [0m] Started Initial cloud-init job (pre-networking).
[[0;32m  OK  [0m] Reached target Network (Pre).
         Starting Raise network interfaces...
[[0;32m  OK  [0m] Started Raise network interfaces.
[[0;32m  OK  [0m] Reached target Network.
         Starting Initial cloud-init job (metadata service crawler)...
[   14.383220] cloud-init[952]: Cloud-init v. 19.4-33-gbb4131a2-0ubuntu1~16.04.1 running 'init' at Fri, 05 Jun 2020 19:38:22 +0000. Up 12.73 seconds.
[   14.388439] cloud-init[952]: ci-info: ++++++++++++++++++++++++++++++++++++++Net device info++++++++++++++++++++++++++++++++++++++
[   14.389516] cloud-init[952]: ci-info: +--------+------+----------------------------+---------------+--------+-------------------+
[   14.390398] cloud-init[952]: ci-info: | Device |  Up  |          Address           |      Mask     | Scope  |     Hw-Address    |
[   14.391395] cloud-init[952]: ci-info: +--------+------+----------------------------+---------------+--------+-------------------+
[   14.392600] cloud-init[952]: ci-info: | enp0s3 | True |         10.0.2.15          | 255.255.255.0 | global | 02:7c:66:aa:a6:59 |
[   14.393416] cloud-init[952]: ci-info: | enp0s3 | True | fe80::7c:66ff:feaa:a659/64 |       .       |  link  | 02:7c:66:aa:a6:59 |
[   14.400402] cloud-init[952]: ci-info: |   lo   | True |         127.0.0.1          |   255.0.0.0   |  host  |         .         |
[   14.401373] cloud-init[952]: ci-info: |   lo   | True |          ::1/128           |       .       |  host  |         .         |
[   14.408877] cloud-init[952]: ci-info: +--------+------+----------------------------+---------------+--------+-------------------+
[   14.416437] cloud-init[952]: ci-info: +++++++++++++++++++++++++++Route IPv4 info++++++++++++++++++++++++++++
[   14.428919] cloud-init[952]: ci-info: +-------+-------------+----------+---------------+-----------+-------+
[   14.429971] cloud-init[952]: ci-info: | Route | Destination | Gateway  |    Genmask    | Interface | Flags |
[   14.440651] cloud-init[952]: ci-info: +-------+-------------+----------+---------------+-----------+-------+
[[0;32m  OK  [0m] Started Initial cloud-init job (metadata service crawler).
[[0;32m  OK  [0m] Reached target System Initialization.
[[0;32m  OK  [0m] Listening on D-Bus System Message Bus Socket.
[[0;32m  OK  [0m] Listening on ACPID Listen Socket.
[   14.455113] cloud-init[952]: ci-info: |   0   |   0.0.0.0   | 10.0.2.2 |    0.0.0.0    |   enp0s3  |   UG  |
[   14.473608] cloud-init[952]: ci-info: |   1   |   10.0.2.0  | 0.0.0.0  | 255.255.255.0 |   enp0s3  |   U   |
[   14.474466] cloud-init[952]: ci-info: +-------+-------------+----------+---------------+-----------+-------+
[   14.480231] cloud-init[952]: ci-info: +++++++++++++++++++Route IPv6 info+++++++++++++++++++
[   14.488297] cloud-init[952]: ci-info: +-------+-------------+---------+-----------+-------+
[   14.489225] cloud-init[952]: ci-info: | Route | Destination | Gateway | Interface | Flags |
[   14.490224] cloud-init[952]: ci-info: +-------+-------------+---------+-----------+-------+
         Starting LXD - unix socket.
[[0;32m  OK  [0m] Listening on UUID daemon activation socket.
         Starting Socket activation for snappy daemon.
[[0;32m  OK  [0m] Started Daily apt download activities.
[[0;32m  OK  [0m] Started Daily apt upgrade and clean activities.
[   14.499296] cloud-init[952]: ci-info: |   0   |  fe80::/64  |    ::   |   enp0s3  |   U   |
[   14.509316] cloud-init[952]: ci-info: |   3   |   ff00::/8  |    ::   |   enp0s3  |   U   |
[   14.510313] cloud-init[952]: ci-info: +-------+-------------+---------+-----------+-------+
[   14.516234] cloud-init[952]: Generating public/private rsa key pair.
[   14.516807] cloud-init[952]: Your identification has been saved in /etc/ssh/ssh_host_rsa_key.
[   14.524244] cloud-init[952]: Your public key has been saved in /etc/ssh/ssh_host_rsa_key.pub.
[[0;32m  OK  [0m] Started ACPI Events Check.
[[0;32m  OK  [0m] Reached target Paths.
[[0;32m  OK  [0m] Started Daily Cleanup of Temporary Directories.
[[0;32m  OK  [0m] Started Message of the Day.
[[0;32m  OK  [0m] Reached target Timers.
[[0;32m  OK  [0m] Reached target Cloud-config availability.
[[0;32m  OK  [0m] Reached target Network is Online.
[   14.525125] cloud-init[952]: The key fingerprint is:
[   14.527676] cloud-init[952]: SHA256:o15ukpOHRBswfjs9jfUSe3+mCJob/tQwkklkDdJZgTg root@ubuntu-xenial
[   14.528469] cloud-init[952]: The key's randomart image is:
[   14.536667] cloud-init[952]: +---[RSA 2048]----+
         Starting iSCSI initiator daemon (iscsid)...
[[0;32m  OK  [0m] Listening on LXD - unix socket.
[[0;32m  OK  [0m] Listening on Socket activation for snappy daemon.
[[0;32m  OK  [0m] Reached target Sockets.
[[0;32m  OK  [0m] Reached target Basic System.
[[0;32m  OK  [0m] Started Deferred execution scheduler.
         Starting Accounts Service...
[   14.544445] cloud-init[952]: |      .o+*o.     |
[   14.547352] cloud-init[952]: |    o E++ .      |
[   14.547985] cloud-init[952]: |   . o ..        |
[   14.548777] cloud-init[952]: |    . +. oo      |
[   14.549766] cloud-init[952]: |     o =S+o+     |
[   14.556414] cloud-init[952]: |      =.+o++o    |
[   14.564452] cloud-init[952]: |     ..=o.oo..   |
[   14.572886] cloud-init[952]: |     .*+o= . .. o|
[   14.573567] cloud-init[952]: |      .=*o. . .+ |
[   14.574109] cloud-init[952]: +----[SHA256]-----+
[   14.580204] cloud-init[952]: Generating public/private dsa key pair.
[   14.581240] cloud-init[952]: Your identification has been saved in /etc/ssh/ssh_host_dsa_key.
[   14.582120] cloud-init[952]: Your public key has been saved in /etc/ssh/ssh_host_dsa_key.pub.
[   14.582905] cloud-init[952]: The key fingerprint is:
[[0;32m  OK  [0m] Started Regular background program processing daemon.
         Starting Login Service...
[   14.594568] cloud-init[952]: SHA256:e4fXlTlNCBWmaNwC39lzgetPayFPyMvQO/vSP6+FFWE root@ubuntu-xenial
[   14.597608] cloud-init[952]: The key's randomart image is:
[   14.598345] cloud-init[952]: +---[DSA 1024]----+
         Starting System Logging Service...
         Starting LSB: MD monitoring daemon...
         Starting /etc/rc.local Compatibility...
[   14.607879] cloud-init[952]: |        .   ..=E |
[   14.611016] cloud-init[952]: |         + + B..o|
[   14.611767] cloud-init[952]: |          * = =.o|
[   14.624700] [[0;32m  OK  [0m] Started ACPI event daemon.
cloud-init[952]: |         . . . +=|
[   14.626028] cloud-init[952]: |        S   + .++|[
[0;32m  OK  [0m] Started FUSE filesystem for LXC.
[   14.627075]          cloud-initStarting LSB: Record successful boot for GRUB...[952]: 
|         . o B B.|
[[0;32m  OK  [0m] Started D-Bus System Message Bus.
[   14.628057] cloud-init[952]: |        . o = % +|
[   14.630030] cloud-init[952]: |         . o * O |
[   14.630929] cloud-init[952]: |             .Bo*|
[   14.636642] cloud-init[952]: +----[SHA256]-----+
[   14.644350] cloud-init[952]: Generating public/private ecdsa key pair.
[   14.652196] cloud-init[952]: Your identification has been saved in /etc/ssh/ssh_host_ecdsa_key.
[   14.660358] cloud-init[952]: Your public key has been saved in /etc/ssh/ssh_host_ecdsa_key.pub.
[   14.661092] cloud-init[952]: The key fingerprint is:
[   14.661571] cloud-init[952]: SHA256:VhmDz7yaleWx4kS3iLBCFynlnxoI+cWcWekdSs6wvW4 root@ubuntu-xenial
[   14.662499] cloud-init[952]: The key's randomart image is:
[   14.669701] cloud-init[952]: +---[ECDSA 256]---+
[   14.670308] cloud-init[952]: |     ....oo      |
[   14.676307] cloud-init[952]: |   ..++++ .+     |
[   14.676976] cloud-init[952]: |  o  .BX *o.     |
[   14.684316] cloud-init[952]: |   o.o+.*o* +    |
[   14.692790] cloud-init[952]: |   .o..oS+ B +   |
[   14.693271] cloud-init[952]: |    . .+o B +    |
[   14.693763] cloud-init[952]: |     ... * .     |
[   14.700333] cloud-init[952]: |        E .      |
[   14.709068] cloud-init[952]: |       .         |
[   14.709669] cloud-init[952]: +----[SHA256]-----+
[   14.710187] cloud-init[952]: Generating public/private ed25519 key pair.
[   14.716447] cloud-init[952]: Your identification has been saved in /etc/ssh/ssh_host_ed25519_key.
[   14.717537] cloud-init[952]: Your public key has been saved in /etc/ssh/ssh_host_ed25519_key.pub.
[   14.718674] cloud-init[952]: The key fingerprint is:
[   14.719498] cloud-init[952]: SHA256:RJojiYng9JdeBPgKY8NLXJrOsAtnLHyNpgmY7mRSNps root@ubuntu-xenial
[   14.720599] cloud-init[952]: The key's randomart image is:
[   14.721236] cloud-init[952]: +--[ED25519 256]--+
[   14.722014] cloud-init[952]: |..  .....        |
[   14.722794] cloud-init[952]: |+..= .o+         |
[   14.723421] cloud-init[952]: |+.*.+o+..        |
[   14.732568] cloud-init[952]: |.@  oo.o         |
[   14.733114] cloud-init[952]: |O+O +.  S        |
[   14.734247] cloud-init[952]: |BB+O .           |
[   14.735301] cloud-init[952]: |=BE              |
[   14.746317] cloud-init[952]: |=+               |
[   14.747211] cloud-init[952]: |..               |
[   14.756907] cloud-init[952]: +----[SHA256]-----+
         Starting Pollinate to seed the pseudo random number generator...
         Starting Virtualbox guest utils...
         Starting Snappy daemon...
         Starting LXD - container startup/shutdown...
[[0;32m  OK  [0m] Started System Logging Service.
[[0;32m  OK  [0m] Started /etc/rc.local Compatibility.
[[0;32m  OK  [0m] Started Login Service.
[[0;32m  OK  [0m] Started Unattended Upgrades Shutdown.
         Starting Authenticate and Authorize Users to Run Privileged Tasks...
[[0;32m  OK  [0m] Started iSCSI initiator daemon (iscsid).
         Starting Login to default iSCSI targets...
[[0;32m  OK  [0m] Started LSB: Record successful boot for GRUB.
[[0;32m  OK  [0m] Started LSB: MD monitoring daemon.
[[0;32m  OK  [0m] Started Login to default iSCSI targets.
[[0;32m  OK  [0m] Reached target Remote File Systems (Pre).
[[0;32m  OK  [0m] Reached target Remote File Systems.
         Starting Permit User Sessions...
         Starting LSB: automatic crash report generation...
         Starting LSB: Set the CPU Frequency Scaling governor to "ondemand"...
         Starting LSB: daemon to balance interrupts for SMP systems...
[[0;32m  OK  [0m] Started LSB: Set the CPU Frequency Scaling governor to "ondemand".
[[0;32m  OK  [0m] Started Permit User Sessions.
         Starting Hold until boot process finishes up...
         Starting Terminate Plymouth Boot Screen...
[[0;32m  OK  [0m] Started Hold until boot process finishes up.
         Starting Set console scheme...
[[0;32m  OK  [0m] Started Getty on tty1.
[[0;32m  OK  [0m] Started Serial Getty on ttyS0.
[[0;32m  OK  [0m] Reached target Login Prompts.
[[0;32m  OK  [0m] Started Terminate Plymouth Boot Screen.
[[0;32m  OK  [0m] Started Authenticate and Authorize Users to Run Privileged Tasks.
[[0;32m  OK  [0m] Started Set console scheme.
[[0;32m  OK  [0m] Started Accounts Service.
[[0;32m  OK  [0m] Started LSB: automatic crash report generation.
[[0;32m  OK  [0m] Started LSB: daemon to balance interrupts for SMP systems.
[[0;32m  OK  [0m] Started Virtualbox guest utils.
[[0;32m  OK  [0m] Started LXD - container startup/shutdown.
[[0;32m  OK  [0m] Started Snappy daemon.
         Starting Wait until snapd is fully seeded...
[[0;32m  OK  [0m] Started Pollinate to seed the pseudo random number generator.
         Starting OpenBSD Secure Shell server...
[[0;32m  OK  [0m] Started OpenBSD Secure Shell server.
[[0;32m  OK  [0m] Created slice User Slice of vagrant.
         Starting User Manager for UID 1000...
[[0;32m  OK  [0m] Started Session 1 of user vagrant.
[[0;32m  OK  [0m] Started User Manager for UID 1000.
[[0;32m  OK  [0m] Started Wait until snapd is fully seeded.
[[0;32m  OK  [0m] Reached target Multi-User System.
[[0;32m  OK  [0m] Reached target Graphical Interface.
         Starting Update UTMP about System Runlevel Changes...
         Starting Apply the settings specified in cloud-config...
[[0;32m  OK  [0m] Started Update UTMP about System Runlevel Changes.
[   20.724871] cloud-init[1402]: Generating locales (this might take a while)...
[   21.818625] cloud-init[1402]:   en_US.UTF-8... done
[   21.819159] cloud-init[1402]: Generation complete.

Ubuntu 16.04.6 LTS ubuntu-xenial ttyS0

ubuntu-xenial login: [   23.140019] cloud-init[1402]: Cloud-init v. 19.4-33-gbb4131a2-0ubuntu1~16.04.1 running 'modules:config' at Fri, 05 Jun 2020 19:38:30 +0000. Up 20.49 seconds.
ci-info: no authorized SSH keys fingerprints found for user ubuntu.
<14>Jun  5 19:38:33 ec2: 
<14>Jun  5 19:38:33 ec2: #############################################################
<14>Jun  5 19:38:33 ec2: -----BEGIN SSH HOST KEY FINGERPRINTS-----
<14>Jun  5 19:38:33 ec2: 1024 SHA256:e4fXlTlNCBWmaNwC39lzgetPayFPyMvQO/vSP6+FFWE root@ubuntu-xenial (DSA)
<14>Jun  5 19:38:33 ec2: 256 SHA256:VhmDz7yaleWx4kS3iLBCFynlnxoI+cWcWekdSs6wvW4 root@ubuntu-xenial (ECDSA)
<14>Jun  5 19:38:33 ec2: 256 SHA256:RJojiYng9JdeBPgKY8NLXJrOsAtnLHyNpgmY7mRSNps root@ubuntu-xenial (ED25519)
<14>Jun  5 19:38:33 ec2: 2048 SHA256:o15ukpOHRBswfjs9jfUSe3+mCJob/tQwkklkDdJZgTg root@ubuntu-xenial (RSA)
<14>Jun  5 19:38:33 ec2: -----END SSH HOST KEY FINGERPRINTS-----
<14>Jun  5 19:38:33 ec2: #############################################################
-----BEGIN SSH HOST KEY KEYS-----
ecdsa-sha2-nistp256 AAAAE2VjZHNhLXNoYTItbmlzdHAyNTYAAAAIbmlzdHAyNTYAAABBBII9LxG5UU/Wijj02xFBNMkenfgTEJYKky1ybCTdTzw4coCcCix8okEo56/mUAQBFQse9tDaMqt1B0xFQFV24Fs= root@ubuntu-xenial
ssh-ed25519 AAAAC3NzaC1lZDI1NTE5AAAAIBAB8Z40iIXzYXlAXAHcUqSqLBpfEEZbnfnX03WEGS+V root@ubuntu-xenial
ssh-rsa AAAAB3NzaC1yc2EAAAADAQABAAABAQDJP9PBhwLBdxMlk5LtlSz8LGXG8I1lUolHUKmMzoAaGqTdqSHyZM29e2saMqTM2glYnTlyBzVVx9XBgOltuJgu225W6BtuF33TLFgDHUbqUujF8UBOqawgZL+Ueb4az09tJZQ472NYhqepRUnZjoCnV3UMZKQYM5mF6C1IwRAzNG6sJBwlGV9OZVRSH+M8lGJu9NSxYG7tIhvzi+ccfNozAk/3lQHQRV3OB1QJ2XO5JMBHDxzLk6/ZxeCGmHy3JE4uwjLk0fRTHi0pbi2dfRtFZOmEEn2DBl/mTFP4mdCORz1/y4+YgDwQ+RcuMu60MtAzerz11sF0TNQaXt+eUfdN root@ubuntu-xenial
-----END SSH HOST KEY KEYS-----
[   23.542405] cloud-init[1564]: Cloud-init v. 19.4-33-gbb4131a2-0ubuntu1~16.04.1 running 'modules:final' at Fri, 05 Jun 2020 19:38:33 +0000. Up 23.41 seconds.
[   23.542593] cloud-init[1564]: ci-info: no authorized SSH keys fingerprints found for user ubuntu.
[   23.542895] cloud-init[1564]: Cloud-init v. 19.4-33-gbb4131a2-0ubuntu1~16.04.1 finished at Fri, 05 Jun 2020 19:38:33 +0000. Datasource DataSourceNoCloud [seed=/dev/sdb][dsmode=net].  Up 23.53 seconds
